无法将“SetThreadExecutionState”的参数“f”(其值为“-2147483646”)转换为类型“System.UInt32”:“无法将值“-2147483646
”转换为类型“System.UInt32”。错误:“值对于 UInt32 太大或太小。””
所在位置 C:\Users\rain\Documents\ExplorerBg\FolderBgStudio\tools\perf\run_awake.ps1:25 字符: 1
+ [Win32.W32Helper]::SetThreadExecutionState(0x80000000 -bor 0x00000002 ...
+ ~~~~~~~~~~~~~~~~~~~~~~~~~~~~~~~~~~~~~~~~~~~~~~~~~~~~~~~~~~~~~~~~~~~~~
    + CategoryInfo          : NotSpecified: (:) [], MethodException
    + FullyQualifiedErrorId : MethodArgumentConversionInvalidCastArgument
 
New-Item : 对路径“C:\Users\rain\Documents\ExplorerBg\FolderBgStudio\build\config”的访问被拒绝。
所在位置 C:\Users\rain\Documents\ExplorerBg\FolderBgStudio\tools\perf\run_scenario.ps1:52 字符: 1
+ New-Item -Path (Split-Path $cfgPath) -Force | Out-Null
+ ~~~~~~~~~~~~~~~~~~~~~~~~~~~~~~~~~~~~~~~~~~~
    + CategoryInfo          : PermissionDenied: (C:\Users\rain\D...io\build\config:String) [New-Item], UnauthorizedAcc 
   essException
    + FullyQualifiedErrorId : NewItemUnauthorizedAccessError,Microsoft.PowerShell.Commands.NewItemCommand
 
无法将“SetThreadExecutionState”的参数“f”(其值为“-2147483648”)转换为类型“System.UInt32”:“无法将值“-2147483648
”转换为类型“System.UInt32”。错误:“值对于 UInt32 太大或太小。””
所在位置 C:\Users\rain\Documents\ExplorerBg\FolderBgStudio\tools\perf\run_awake.ps1:33 字符: 5
+     [Win32.W32Helper]::SetThreadExecutionState(0x80000000) | Out-Null ...
+     ~~~~~~~~~~~~~~~~~~~~~~~~~~~~~~~~~~~~~~~~~~~~~~~~~~~~~~~~~~~~~~~~~
    + CategoryInfo          : NotSpecified: (:) [], MethodException
    + FullyQualifiedErrorId : MethodArgumentConversionInvalidCastArgument
 
无法将“SetThreadExecutionState”的参数“f”(其值为“-2147483646”)转换为类型“System.UInt32”:“无法将值“-2147483646
”转换为类型“System.UInt32”。错误:“值对于 UInt32 太大或太小。””
所在位置 C:\Users\rain\Documents\ExplorerBg\FolderBgStudio\tools\perf\run_awake.ps1:25 字符: 1
+ [Win32.W32Helper]::SetThreadExecutionState(0x80000000 -bor 0x00000002 ...
+ ~~~~~~~~~~~~~~~~~~~~~~~~~~~~~~~~~~~~~~~~~~~~~~~~~~~~~~~~~~~~~~~~~~~~~
    + CategoryInfo          : NotSpecified: (:) [], MethodException
    + FullyQualifiedErrorId : MethodArgumentConversionInvalidCastArgument
 
New-Item : 对路径“C:\Users\rain\Documents\ExplorerBg\FolderBgStudio\build\config”的访问被拒绝。
所在位置 C:\Users\rain\Documents\ExplorerBg\FolderBgStudio\tools\perf\run_scenario.ps1:52 字符: 1
+ New-Item -Path (Split-Path $cfgPath) -Force | Out-Null
+ ~~~~~~~~~~~~~~~~~~~~~~~~~~~~~~~~~~~~~~~~~~~
    + CategoryInfo          : PermissionDenied: (C:\Users\rain\D...io\build\config:String) [New-Item], UnauthorizedAcc 
   essException
    + FullyQualifiedErrorId : NewItemUnauthorizedAccessError,Microsoft.PowerShell.Commands.NewItemCommand
 
无法将“SetThreadExecutionState”的参数“f”(其值为“-2147483648”)转换为类型“System.UInt32”:“无法将值“-2147483648
”转换为类型“System.UInt32”。错误:“值对于 UInt32 太大或太小。””
所在位置 C:\Users\rain\Documents\ExplorerBg\FolderBgStudio\tools\perf\run_awake.ps1:33 字符: 5
+     [Win32.W32Helper]::SetThreadExecutionState(0x80000000) | Out-Null ...
+     ~~~~~~~~~~~~~~~~~~~~~~~~~~~~~~~~~~~~~~~~~~~~~~~~~~~~~~~~~~~~~~~~~
    + CategoryInfo          : NotSpecified: (:) [], MethodException
    + FullyQualifiedErrorId : MethodArgumentConversionInvalidCastArgument
 
无法将“SetThreadExecutionState”的参数“f”(其值为“-2147483646”)转换为类型“System.UInt32”:“无法将值“-2147483646
”转换为类型“System.UInt32”。错误:“值对于 UInt32 太大或太小。””
所在位置 C:\Users\rain\Documents\ExplorerBg\FolderBgStudio\tools\perf\run_awake.ps1:25 字符: 1
+ [Win32.W32Helper]::SetThreadExecutionState(0x80000000 -bor 0x00000002 ...
+ ~~~~~~~~~~~~~~~~~~~~~~~~~~~~~~~~~~~~~~~~~~~~~~~~~~~~~~~~~~~~~~~~~~~~~
    + CategoryInfo          : NotSpecified: (:) [], MethodException
    + FullyQualifiedErrorId : MethodArgumentConversionInvalidCastArgument
 
New-Item : 对路径“C:\Users\rain\Documents\ExplorerBg\FolderBgStudio\build\config”的访问被拒绝。
所在位置 C:\Users\rain\Documents\ExplorerBg\FolderBgStudio\tools\perf\run_scenario.ps1:52 字符: 1
+ New-Item -Path (Split-Path $cfgPath) -Force | Out-Null
+ ~~~~~~~~~~~~~~~~~~~~~~~~~~~~~~~~~~~~~~~~~~~
    + CategoryInfo          : PermissionDenied: (C:\Users\rain\D...io\build\config:String) [New-Item], UnauthorizedAcc 
   essException
    + FullyQualifiedErrorId : NewItemUnauthorizedAccessError,Microsoft.PowerShell.Commands.NewItemCommand
 
无法将“SetThreadExecutionState”的参数“f”(其值为“-2147483648”)转换为类型“System.UInt32”:“无法将值“-2147483648
”转换为类型“System.UInt32”。错误:“值对于 UInt32 太大或太小。””
所在位置 C:\Users\rain\Documents\ExplorerBg\FolderBgStudio\tools\perf\run_awake.ps1:33 字符: 5
+     [Win32.W32Helper]::SetThreadExecutionState(0x80000000) | Out-Null ...
+     ~~~~~~~~~~~~~~~~~~~~~~~~~~~~~~~~~~~~~~~~~~~~~~~~~~~~~~~~~~~~~~~~~
    + CategoryInfo          : NotSpecified: (:) [], MethodException
    + FullyQualifiedErrorId : MethodArgumentConversionInvalidCastArgument
 
无法将“SetThreadExecutionState”的参数“f”(其值为“-2147483646”)转换为类型“System.UInt32”:“无法将值“-2147483646
”转换为类型“System.UInt32”。错误:“值对于 UInt32 太大或太小。””
所在位置 C:\Users\rain\Documents\ExplorerBg\FolderBgStudio\tools\perf\run_awake.ps1:25 字符: 1
+ [Win32.W32Helper]::SetThreadExecutionState(0x80000000 -bor 0x00000002 ...
+ ~~~~~~~~~~~~~~~~~~~~~~~~~~~~~~~~~~~~~~~~~~~~~~~~~~~~~~~~~~~~~~~~~~~~~
    + CategoryInfo          : NotSpecified: (:) [], MethodException
    + FullyQualifiedErrorId : MethodArgumentConversionInvalidCastArgument
 
New-Item : 对路径“C:\Users\rain\Documents\ExplorerBg\FolderBgStudio\build\config”的访问被拒绝。
所在位置 C:\Users\rain\Documents\ExplorerBg\FolderBgStudio\tools\perf\run_scenario.ps1:52 字符: 1
+ New-Item -Path (Split-Path $cfgPath) -Force | Out-Null
+ ~~~~~~~~~~~~~~~~~~~~~~~~~~~~~~~~~~~~~~~~~~~
    + CategoryInfo          : PermissionDenied: (C:\Users\rain\D...io\build\config:String) [New-Item], UnauthorizedAcc 
   essException
    + FullyQualifiedErrorId : NewItemUnauthorizedAccessError,Microsoft.PowerShell.Commands.NewItemCommand
 
无法将“SetThreadExecutionState”的参数“f”(其值为“-2147483648”)转换为类型“System.UInt32”:“无法将值“-2147483648
”转换为类型“System.UInt32”。错误:“值对于 UInt32 太大或太小。””
所在位置 C:\Users\rain\Documents\ExplorerBg\FolderBgStudio\tools\perf\run_awake.ps1:33 字符: 5
+     [Win32.W32Helper]::SetThreadExecutionState(0x80000000) | Out-Null ...
+     ~~~~~~~~~~~~~~~~~~~~~~~~~~~~~~~~~~~~~~~~~~~~~~~~~~~~~~~~~~~~~~~~~
    + CategoryInfo          : NotSpecified: (:) [], MethodException
    + FullyQualifiedErrorId : MethodArgumentConversionInvalidCastArgument
 
无法将“SetThreadExecutionState”的参数“f”(其值为“-2147483646”)转换为类型“System.UInt32”:“无法将值“-2147483646
”转换为类型“System.UInt32”。错误:“值对于 UInt32 太大或太小。””
所在位置 C:\Users\rain\Documents\ExplorerBg\FolderBgStudio\tools\perf\run_awake.ps1:25 字符: 1
+ [Win32.W32Helper]::SetThreadExecutionState(0x80000000 -bor 0x00000002 ...
+ ~~~~~~~~~~~~~~~~~~~~~~~~~~~~~~~~~~~~~~~~~~~~~~~~~~~~~~~~~~~~~~~~~~~~~
    + CategoryInfo          : NotSpecified: (:) [], MethodException
    + FullyQualifiedErrorId : MethodArgumentConversionInvalidCastArgument
 
New-Item : 对路径“C:\Users\rain\Documents\ExplorerBg\FolderBgStudio\build\config”的访问被拒绝。
所在位置 C:\Users\rain\Documents\ExplorerBg\FolderBgStudio\tools\perf\run_scenario.ps1:52 字符: 1
+ New-Item -Path (Split-Path $cfgPath) -Force | Out-Null
+ ~~~~~~~~~~~~~~~~~~~~~~~~~~~~~~~~~~~~~~~~~~~
    + CategoryInfo          : PermissionDenied: (C:\Users\rain\D...io\build\config:String) [New-Item], UnauthorizedAcc 
   essException
    + FullyQualifiedErrorId : NewItemUnauthorizedAccessError,Microsoft.PowerShell.Commands.NewItemCommand
 
无法将“SetThreadExecutionState”的参数“f”(其值为“-2147483648”)转换为类型“System.UInt32”:“无法将值“-2147483648
”转换为类型“System.UInt32”。错误:“值对于 UInt32 太大或太小。””
所在位置 C:\Users\rain\Documents\ExplorerBg\FolderBgStudio\tools\perf\run_awake.ps1:33 字符: 5
+     [Win32.W32Helper]::SetThreadExecutionState(0x80000000) | Out-Null ...
+     ~~~~~~~~~~~~~~~~~~~~~~~~~~~~~~~~~~~~~~~~~~~~~~~~~~~~~~~~~~~~~~~~~
    + CategoryInfo          : NotSpecified: (:) [], MethodException
    + FullyQualifiedErrorId : MethodArgumentConversionInvalidCastArgument
 
无法将“SetThreadExecutionState”的参数“f”(其值为“-2147483646”)转换为类型“System.UInt32”:“无法将值“-2147483646
”转换为类型“System.UInt32”。错误:“值对于 UInt32 太大或太小。””
所在位置 C:\Users\rain\Documents\ExplorerBg\FolderBgStudio\tools\perf\run_awake.ps1:25 字符: 1
+ [Win32.W32Helper]::SetThreadExecutionState(0x80000000 -bor 0x00000002 ...
+ ~~~~~~~~~~~~~~~~~~~~~~~~~~~~~~~~~~~~~~~~~~~~~~~~~~~~~~~~~~~~~~~~~~~~~
    + CategoryInfo          : NotSpecified: (:) [], MethodException
    + FullyQualifiedErrorId : MethodArgumentConversionInvalidCastArgument
 
New-Item : 对路径“C:\Users\rain\Documents\ExplorerBg\FolderBgStudio\build\config”的访问被拒绝。
所在位置 C:\Users\rain\Documents\ExplorerBg\FolderBgStudio\tools\perf\run_scenario.ps1:52 字符: 1
+ New-Item -Path (Split-Path $cfgPath) -Force | Out-Null
+ ~~~~~~~~~~~~~~~~~~~~~~~~~~~~~~~~~~~~~~~~~~~
    + CategoryInfo          : PermissionDenied: (C:\Users\rain\D...io\build\config:String) [New-Item], UnauthorizedAcc 
   essException
    + FullyQualifiedErrorId : NewItemUnauthorizedAccessError,Microsoft.PowerShell.Commands.NewItemCommand
 
无法将“SetThreadExecutionState”的参数“f”(其值为“-2147483648”)转换为类型“System.UInt32”:“无法将值“-2147483648
”转换为类型“System.UInt32”。错误:“值对于 UInt32 太大或太小。””
所在位置 C:\Users\rain\Documents\ExplorerBg\FolderBgStudio\tools\perf\run_awake.ps1:33 字符: 5
+     [Win32.W32Helper]::SetThreadExecutionState(0x80000000) | Out-Null ...
+     ~~~~~~~~~~~~~~~~~~~~~~~~~~~~~~~~~~~~~~~~~~~~~~~~~~~~~~~~~~~~~~~~~
    + CategoryInfo          : NotSpecified: (:) [], MethodException
    + FullyQualifiedErrorId : MethodArgumentConversionInvalidCastArgument
 
无法将“SetThreadExecutionState”的参数“f”(其值为“-2147483646”)转换为类型“System.UInt32”:“无法将值“-2147483646
”转换为类型“System.UInt32”。错误:“值对于 UInt32 太大或太小。””
所在位置 C:\Users\rain\Documents\ExplorerBg\FolderBgStudio\tools\perf\run_awake.ps1:25 字符: 1
+ [Win32.W32Helper]::SetThreadExecutionState(0x80000000 -bor 0x00000002 ...
+ ~~~~~~~~~~~~~~~~~~~~~~~~~~~~~~~~~~~~~~~~~~~~~~~~~~~~~~~~~~~~~~~~~~~~~
    + CategoryInfo          : NotSpecified: (:) [], MethodException
    + FullyQualifiedErrorId : MethodArgumentConversionInvalidCastArgument
 
New-Item : 对路径“C:\Users\rain\Documents\ExplorerBg\FolderBgStudio\build\config”的访问被拒绝。
所在位置 C:\Users\rain\Documents\ExplorerBg\FolderBgStudio\tools\perf\run_scenario.ps1:52 字符: 1
+ New-Item -Path (Split-Path $cfgPath) -Force | Out-Null
+ ~~~~~~~~~~~~~~~~~~~~~~~~~~~~~~~~~~~~~~~~~~~
    + CategoryInfo          : PermissionDenied: (C:\Users\rain\D...io\build\config:String) [New-Item], UnauthorizedAcc 
   essException
    + FullyQualifiedErrorId : NewItemUnauthorizedAccessError,Microsoft.PowerShell.Commands.NewItemCommand
 
无法将“SetThreadExecutionState”的参数“f”(其值为“-2147483648”)转换为类型“System.UInt32”:“无法将值“-2147483648
”转换为类型“System.UInt32”。错误:“值对于 UInt32 太大或太小。””
所在位置 C:\Users\rain\Documents\ExplorerBg\FolderBgStudio\tools\perf\run_awake.ps1:33 字符: 5
+     [Win32.W32Helper]::SetThreadExecutionState(0x80000000) | Out-Null ...
+     ~~~~~~~~~~~~~~~~~~~~~~~~~~~~~~~~~~~~~~~~~~~~~~~~~~~~~~~~~~~~~~~~~
    + CategoryInfo          : NotSpecified: (:) [], MethodException
    + FullyQualifiedErrorId : MethodArgumentConversionInvalidCastArgument
 
